 IBM Personal Computer MACRO Assembler   Version 2.00  	Page	1-1
	 	 	 	 	 	 	 	03-12-:9    


 	 	 	 	;**********************************************
	 	 	 	*********************************
 	 	 	 	;Header: 	 	Sample program for char
	 	 	 	acter LCD interfacing with 8086 via 8255
 	 	 	 	;File Name: 	LCD86A1.asm
 	 	 	 	;Author: 	 	Technobits, Pune (www.t
	 	 	 	echnobits.in)
 	 	 	 	;Date created:	Feb 21, 2009
 	 	 	 	;Assembler:	 	MASM.EFXE
 	 	 	 	
 	 	 	 	;Description:
 	 	 	 	;This program is written to display character '
	 	 	 	A' continuously
 	 	 	 	;on character LCD in the first row, first colum
	 	 	 	n.
 	 	 	 	
 	 	 	 	;**********************************************
	 	 	 	*********************************
 	 	 	 	
 	 	 	 	;----------------------------------------------
	 	 	 	---------------------------------
 	 	 	 	;	 	 	 	 	
 	 	 	 	 	 	 	MAIN PROGRAM
 	 	 	 	;Input:	 	 	 	 	Nothing
 	 	 	 	;Output:	 	 	 	Nothing
 	 	 	 	;Calls to Subroutines:	SendLCDCMD, SendLCDDAT,
	 	 	 	 Monitor utilities
 	 	 	 	
 	 	 	 	;Connections:
 	 	 	 	;8255 (Lower i.e. U23) is used to connect with 
	 	 	 	LCD in the following manner
 	 	 	 	
 	 	 	 	;8255 PORT B (PB0-PB7)	<->	 	LCD dat
	 	 	 	a bus D0-D7
 	 	 	 	;8255 PORT C (PC3)	 	-->	
 	 	 	 	 	LCD ENABLE
 	 	 	 	;8255 PORT C (PC4)	 	<->	
 	 	 	 	 	LCD R/W (READ=1, WRITE=0)
 	 	 	 	;8255 PORT C (PC3)	 	-->	
 	 	 	 	 	LCD RS (0=Command register, 1=Data regi
	 	 	 	ster)
 	 	 	 	
 	 	 	 	;8255 is connected as memory mapped device.
 	 	 	 	;A0, A1, RD, WR are controlled automatically wh
	 	 	 	en specified memory location is addressed.
 	 	 	 	;LCD used is 16x1. Internally it is treated as 
	 	 	 	8x2 line display.
 	 	 	 	;----------------------------------------------
	 	 	 	---------------------------------
 	 	 	 	
 	 	 	 	;~~~~~~~~~~~~~~~~~~~~~~~~~~~~~~~~~~~~~~~~~~~~~~
	 	 	 	~~~~~~~~~~~~~~~~~~~~~~~~~~~~~~~~~
 	 	 	 	
 	 	 	 	
 IBM Personal Computer MACRO Assembler   Version 2.00  	Page	1-2
	 	 	 	 	 	 	 	03-12-:9    


 	 	 	 	;Addresses of 8255 control register, ports etc.
 = 8002	 	 	 	LCD_DATABUS	 	 	equ	
 	 	 	 	 	8002H	; This is address of 8255 PORTB
 = 8004	 	 	 	PORTC_8255	 	 	equ	
 	 	 	 	 	8004H	; This is address of 8255 PORTC
 = 8006	 	 	 	cONTROL_ADDR_8255	equ	 	8006H
	 	 	 	 	; This is address of 8255 control word
 	 	 	 	
 	 	 	 	;Other misclleneous
 = 0041	 	 	 	DISP_CHAR	 	 	equ	
 	 	 	 	 	'A'	 	; character to display 
	 	 	 	on LCD
 	 	 	 	
 	 	 	 	;~~~~~~~~~~~~~~~~~~~~~~Start of main program~~~
	 	 	 	~~~~~~~~~~~~~~~~~~~~~~~~~~~~~~~~~~
 	 	 	 	
 0000	 	 	 	CHLCD86	 SEGMENT
 	 	 	 	ASSUME CS:COMSEG, DS:COMSEG, ES:COMSEG
 E r r o r   ---	9:Symbol not defined            
 	 	 	 	
 0100	 	 	 	 	 	 	 	 	
 	 	 	 	 	ORG 0100H
 	 	 	 	
 	 	 	 	
 	 	 	 	
 0100  BA 8006	 	 	 	mov	 	DX,	 	cONTROL
	 	 	 	_ADDR_8255	;8255 Control word address load
	 	 	 	ed in DX
 0103  B0 80	 	 	 	mov	 	AL,	 	80H
	 	 	 	 	 	 	 	 	;8255 c
	 	 	 	ontrol word to set all ports as O/P in mode 0
 0105  EE	 	 	 	out	 	DX,	 	AL
	 	 	 	 	 	 	 	 	;Send c
	 	 	 	ontrol word to 8255
 	 	 	 	
 0106  B0 38	 	 	 	mov	 	AL,	 	
 	 	 	 	 	38H	 	 	 	;LCD fu
	 	 	 	nction set (8bit interface, 2line, 5x7 font)
 0108  E8 0121 R	 	 	call	SendLCDCMD	 	
 	 	 	 	 	 	 	;Send the command (code
	 	 	 	 in A) to LCD
 	 	 	 	
 010B  B0 0C	 	 	 	mov	 	AL,	 	
 	 	 	 	 	0CH	 	 	 	;LCD on
	 	 	 	, CUrsor off, blink off
 010D  E8 0121 R	 	 	call	SendLCDCMD	 	
 	 	 	 	 	 	 	;Send the command (code
	 	 	 	 in A) to LCD
 	 	 	 	
 0110  B0 01	 	 	 	mov	 	AL,	 	
 	 	 	 	 	01H	 	 	 	;Clear 
	 	 	 	display and return cursor to home position
 0112  E8 0121 R	 	 	call	SendLCDCMD	 	
 	 	 	 	 	 	 	;Send the command (code
 IBM Personal Computer MACRO Assembler   Version 2.00  	Page	1-3
	 	 	 	 	 	 	 	03-12-:9    


	 	 	 	 in A) to LCD
 	 	 	 	
 0115  B0 80	 	 	 	mov	 	AL,	 	
 	 	 	 	 	80H	 	 	 	;LCD DD
	 	 	 	RAM address set to 1st line 1st char
 0117  E8 0121 R	 	 	call	SendLCDCMD	 	
 	 	 	 	 	 	 	;Send the command (code
	 	 	 	 in A) to LCD
 	 	 	 	
 011A  B0 41	 	 	 	mov	 	AL,	 	
 	 	 	 	 	DISP_CHAR	 	;Get the data t
	 	 	 	o be displayed
 011C  E8 0134 R	 	 	call	SendLCDDAT	 	
 	 	 	 	 	 	 	;Send the data (in A) t
	 	 	 	o LCD
 	 	 	 	
 011F  CD A3	 	 	 	INT	 	0A3H	 	
 	 	 	 	 	 	 	 	;Monitor Return
	 	 	 	 to command position
 	 	 	 	
 	 	 	 	;~~~~~~~~~~~~~~~~~~~~~~End of main program~~~~~
	 	 	 	~~~~~~~~~~~~~~~~~~~~~~~~~~~~~~~~~~
 	 	 	 	
 	 	 	 	
 	 	 	 	;@@@@@@@@@@@@@@@@@@@@@@@@@@@@@@@@@@@@@@@@@@@@@@
	 	 	 	@@@@@@@@@@@@@@@@@@@@@@@@@@@@@@@@@@
 	 	 	 	;	 	 	 	 	
 	 	 	 	 	 	 	Subroutine SendLCDCMD
 	 	 	 	;----------------------------------------------
	 	 	 	----------------------------------
 	 	 	 	;Description:
 	 	 	 	;This subroutine sends the data in accumulator 
	 	 	 	to PORT B of 8255.
 	 	 	 	;LCD command register is enabled by making RS=0
	 	 	 	 and RW=0.
 	 	 	 	;LCD is enabled by making EN=1 and then EN=0.
 	 	 	 	;Called by:	 	 	 	MAIN pr
	 	 	 	ogram
 	 	 	 	;Calls subroutines:	 	Monitor Utility
	 	 	 	 DELAY
 	 	 	 	;Input:	 	 	 	 	LCD com
	 	 	 	mand code in Accumulator
 	 	 	 	;Output:	 	 	 	Nothing
 	 	 	 	;----------------------------------------------
	 	 	 	----------------------------------
 	 	 	 	
 0121	 	 	 	SendLCDCMD:	 	 	 	
 	 	 	 	 	 	;Subroutine start label
 E r r o r   ---	62:No or unreachable CS          
 	 	 	 	
 0121  BA 8002	 	 	 	mov	 	DX,	 	
 	 	 	 	 	LCD_DATABUS	;Load 8255 address (POR
	 	 	 	T B) in DX
 0124  EE	 	 	 	out	 	DX,	 	
 IBM Personal Computer MACRO Assembler   Version 2.00  	Page	1-4
	 	 	 	 	 	 	 	03-12-:9    


	 	 	 	 	AL	 	 	;Send data to 8
	 	 	 	255 port B (LCD data bus).
 	 	 	 	
 0125  BA 8004	 	 	 	mov	 	DX,	 	
 	 	 	 	 	PORTC_8255	;Load 8255 address (POR
	 	 	 	T C) in DX
 0128  B0 08	 	 	 	mov	 	AL,	 	
 	 	 	 	 	08H	 	 	;RS=0 (Command 
	 	 	 	reg), RW=0 (Write mode), EN=1
 012A  EE	 	 	 	out	 	DX,	 	
 	 	 	 	 	AL	 	 	;Send data to 8
	 	 	 	255 port c.
 	 	 	 	
 012B  B0 00	 	 	 	mov	 	AL,	 	
 	 	 	 	 	00H	 	 	;RS=0 (Command 
	 	 	 	reg), RW=0 (Write mode), EN=0
 012D  EE	 	 	 	out	 	DX,	 	
 	 	 	 	 	AL	 	 	;Send data to 8
	 	 	 	255 port c.
 	 	 	 	
 	 	 	 	 	;Delay so LCD completes write operation
 	 	 	 	
 012E  B9 00FF	 	 	 	mov	 	CX,	 	
 	 	 	 	 	00FFH	 	;Value loaded for DELAY
	 	 	 	 utility
 0131  CD AA	 	 	 	INT	 	0AAh	 	
 	 	 	 	 	 	 	;Implement delay
 	 	 	 	
 0133  C3	 	 	 	ret	 	 	 	
 	 	 	 	 	 	 	 	;End of subrout
	 	 	 	ine
 	 	 	 	;@@@@@@@@@@@@@@@@@@@@@@@@@@@@@@@@@@@@@@@@@@@@@@
	 	 	 	@@@@@@@@@@@@@@@@@@@@@@@@@@@@@@@@@@
 	 	 	 	
 	 	 	 	
 	 	 	 	;@@@@@@@@@@@@@@@@@@@@@@@@@@@@@@@@@@@@@@@@@@@@@@
	 	 	 	@@@@@@@@@@@@@@@@@@@@@@@@@@@@@@@@@@
 	 	 	 	;	 	 	 	 	
 	 	 	 	 	 	 	Subroutine SendLCDDAT
 	 	 	 	;----------------------------------------------
	 	 	 	----------------------------------
 	 	 	 	;Description:
 	 	 	 	;This subroutine sends the data in accumulator 
	 	 	 	to PORT B of 8255.
 	 	 	 	;LCD data register is enabled by making RS=1 an
	 	 	 	d RW=0.
 	 	 	 	;LCD is enabled by making EN=1 and then EN=0.
 	 	 	 	
 	 	 	 	;Called by:	 	 	 	MAIN pr
	 	 	 	ogram
 	 	 	 	;Calls subroutines:	 	Monitor Utility
	 	 	 	 DELAY
 	 	 	 	;Input:	 	 	 	 	LCD dat
	 	 	 	a to be displayed in Accumulator
 IBM Personal Computer MACRO Assembler   Version 2.00  	Page	1-5
	 	 	 	 	 	 	 	03-12-:9    


 	 	 	 	;Output:	 	 	 	Nothing
 	 	 	 	;----------------------------------------------
	 	 	 	----------------------------------
 	 	 	 	
 0134	 	 	 	SendLCDDAT:	 	 	 	
 	 	 	 	 	 	 	 	;Subroutine sta
	 	 	 	rt
 E r r o r   ---	62:No or unreachable CS          
 	 	 	 	
 0134  BA 8002	 	 	 	mov	 	DX,	 	
 	 	 	 	 	LCD_DATABUS	;Load 8255 address (POR
	 	 	 	T B) in DX
 0137  EE	 	 	 	out	 	DX,	 	
 	 	 	 	 	AL	 	 	;Send data to 8
	 	 	 	255 port B (LCD data bus).
 	 	 	 	
 0138  BA 8004	 	 	 	mov	 	DX,	 	
 	 	 	 	 	PORTC_8255	;Load 8255 address (POR
	 	 	 	T C) in DX
 013B  B0 28	 	 	 	mov	 	AL,	 	
 	 	 	 	 	28H	 	 	;RS=1 (Data reg
	 	 	 	), RW=0 (Write mode), EN=1
 013D  EE	 	 	 	out	 	DX,	 	
 	 	 	 	 	AL	 	 	;Send data to 8
	 	 	 	255 port c.
 	 	 	 	
 013E  B0 20	 	 	 	mov	 	AL,	 	
 	 	 	 	 	20H	 	 	;RS=1 (Data reg
	 	 	 	), RW=0 (Write mode), EN=0
 0140  EE	 	 	 	out	 	DX,	 	
 	 	 	 	 	AL	 	 	;Send data to 8
	 	 	 	255 port c.
 	 	 	 	
 	 	 	 	
 	 	 	 	;Delay so LCD completes write operation
 	 	 	 	
 0141  B9 00FF	 	 	 	mov	 	CX,	 	
 	 	 	 	 	00FFH	 	;Value loaded for DELAY
	 	 	 	 utility
 0144  CD AA	 	 	 	INT	 	0AAh	 	
 	 	 	 	 	 	 	;Implement delay
 	 	 	 	
 0146  C3	 	 	 	ret	 	 	 	
 	 	 	 	 	 	 	 	;End of subrout
	 	 	 	ine
 	 	 	 	;@@@@@@@@@@@@@@@@@@@@@@@@@@@@@@@@@@@@@@@@@@@@@@
	 	 	 	@@@@@@@@@@@@@@@@@@@@@@@@@@@@@@@@@@
 	 	 	 	
 0147	 	 	 	 	CHLCD86	ENDS
 	 	 	 	 	end	 	 	 	
 	 	 	 	 	 	 	 	;This is end of
	 	 	 	 program

 IBM Personal Computer MACRO Assembler   Version 2.00  	Page	Symbols
	 	 	 	-1
	 	 	 	 	 	 	 	03-12-:9    


Segments and Groups:

	 	N a m e	 	 	Size	Align	Combine	Class

CHLCD86. . . . . . . . . . . . .	0147	PARA  	NONE	
COMSEG . . . . . . . . . . . . .	0000	PARA  	NONE	

Symbols:            

	 	N a m e	 	 	Type	Value	Attr         

CONTROL_ADDR_8255. . . . . . . .	Number	8006	
DISP_CHAR. . . . . . . . . . . .	Number	0041	
LCD_DATABUS. . . . . . . . . . .	Number	8002	
PORTC_8255 . . . . . . . . . . .	Number	8004	
SENDLCDCMD . . . . . . . . . . .	L NEAR 	0121	CHLCD86
SENDLCDDAT . . . . . . . . . . .	L NEAR 	0134	CHLCD86

50092 Bytes free   

Warning Severe
Errors	Errors 
0	3
