 IBM Personal Computer MACRO Assembler   Version 2.00  	Page	1-1
	 	 	 	 	 	 	 	04-09-:8    


 	 	 	 	;Program to carry out BCD to Binary conversion.
 	 	 	 	;THE STORED CONSTANT NUMBER (23) IN THIS CASE I
	 	 	 	S INTERPRETED BY THE ASSEMBLER
 	 	 	 	;AS HEX (17). SO THE STORED NUMBER IS 17 (IN TH
	 	 	 	E PROGRAM).
 	 	 	 	;THE PROGRAM INTERPRETES THIS NUMBER AS DECIMAL
	 	 	 	.SO THE PROGRAM SEES THIS
 	 	 	 	;NUMBER AS 17 (BASE 10) WHICH IS EQUIVALENT OF 
	 	 	 	11 (BASE 16).SO THE FINAL
 	 	 	 	;ANSWER PRODUCED IS 11.
 	 	 	 	;E.G. IF THE STORED NUMBER WERE CHANGED TO (SAY
	 	 	 	) 64. THIS WILL BE STORED AS
 	 	 	 	;40 (BASE 16) BY THE ASSEMBLER. THE PROGRAM WIL
	 	 	 	L INTERPRET THIS NUMBER AS
 	 	 	 	;40 (BASE 10) AND WILL CONVERT IT TO 28 (BASE 1
	 	 	 	6)
 	 	 	 	; THE BCDBIN PROCEDURE RECEIVES A SET OF POINTE
	 	 	 	RS, ONE TO THE BCD NUMBER TO
 	 	 	 	; BE CONVERTED AND THE SECOND TO THE PLACE WHER
	 	 	 	E THE CONVERTED NUMBER IS TO
 	 	 	 	; BE STORED.
 	 	 	 	
 0000	 	 	 	COMSEG SEGMENT
 	 	 	 	 	ASSUME CS:COMSEG, DS:COMSEG, SS:COMSEG,
	 	 	 	 ES:COMSEG
 	 	 	 	 	
 0100	 	 	 	 	ORG 0100H	 	 	;ORG FO
	 	 	 	R COM STRUCTURED PROGRAMS (ALL SEGMENTS IN ONE 
	 	 	 	SEGMENT
 	 	 	 	 	 	 	 	 	
 	 	 	 	 	;AND PROGRAM MAXIMUM SIZE 64KbYTES.)
 	 	 	 	 	
 0100	 	 	 	START:
 0100  EB 03 90	 	 	 	JMP SKIP_DATA	 	;SKIP OVER DATA
	 	 	 	 DECLARATIONS
 	 	 	 	
 	 	 	 	;--------------DEFINE DATA SIZES AND NAMES-----
	 	 	 	---
 	 	 	 	
 0103  17	 	 	BCD DB 23
 0104  ??	 	 	BIN DB ?
 	 	 	 	
 	 	 	 	;--------------END OF DATA DEFINITION----------
	 	 	 	---	
 	 	 	 	
 0105	 	 	 	SKIP_DATA:	
 0105  B8 10FF	 	 	 	MOV AX,10FFH
 0108  8B E0	 	 	 	MOV SP,AX
 	 	 	 	 	
 010A  B8 0000	 	 	 	MOV AX,0000H
 010D  8E C0	 	 	 	MOV ES,AX
 010F  8E D0	 	 	 	MOV SS,AX
 	 	 	 	 	
 0111  0E	 	 	 	PUSH CS
 IBM Personal Computer MACRO Assembler   Version 2.00  	Page	1-2
	 	 	 	 	 	 	 	04-09-:8    


 0112  1F	 	 	 	POP DS
 	 	 	 	
 0113  BE 0103 R	 	 	MOV SI,OFFSET BCD
 0116  BF 0104 R	 	 	MOV DI,OFFSET BIN
 	 	 	 	 	
 0119  E8 011E R	 	 	CALL BCDBIN
 	 	 	 	 	
 011C  CD A5	 	 	 	INT 0A5H
 	 	 	 	
 	 	 	 	 	
 	 	 	 	;----------END OF MAIN PROGRAM------------
 	 	 	 	
 011E	 	 	 	 	BCDBIN PROC NEAR
 	 	 	 	 	
 011E  9C	 	 	 	PUSHF
 011F  50	 	 	 	PUSH AX
 0120  53	 	 	 	PUSH BX
 0121  51	 	 	 	PUSH CX
 0122  8A 04	 	 	 	MOV AL,[SI]
 	 	 	 	 	
 0124  8A D8	 	 	 	MOV BL,AL
 0126  80 E3 0F	 	 	 	AND BL,0FH
 0129  24 F0	 	 	 	AND AL,0F0H
 012B  B1 04	 	 	 	MOV CL,04
 012D  D2 C8	 	 	 	ROR AL,CL
 012F  B7 0A	 	 	 	MOV BH,0AH
 0131  F6 E7	 	 	 	MUL BH
 	 	 	 	 	
 0133  02 C3	 	 	 	ADD AL,BL
 0135  88 05	 	 	 	MOV [DI],AL
 0137  59	 	 	 	POP CX
 0138  5B	 	 	 	POP BX
 0139  58	 	 	 	POP AX
 013A  9D	 	 	 	POPF
 013B  C3	 	 	 	RET
 	 	 	 	 	
 013C	 	 	 	 	BCDBIN ENDP
 	 	 	 	 	
 013C	 	 	 	COMSEG ENDS
 	 	 	 	END START

 IBM Personal Computer MACRO Assembler   Version 2.00  	Page	Symbols
	 	 	 	-1
	 	 	 	 	 	 	 	04-09-:8    


Segments and Groups:

	 	N a m e	 	 	Size	Align	Combine	Class

COMSEG . . . . . . . . . . . . .	013C	PARA  	NONE	

Symbols:            

	 	N a m e	 	 	Type	Value	Attr         

BCD. . . . . . . . . . . . . . .	L BYTE 	0103	COMSEG
BCDBIN . . . . . . . . . . . . .	N PROC	011E	COMSEG	Length =001E
BIN. . . . . . . . . . . . . . .	L BYTE 	0104	COMSEG
SKIP_DATA. . . . . . . . . . . .	L NEAR 	0105	COMSEG
START. . . . . . . . . . . . . .	L NEAR 	0100	COMSEG

50092 Bytes free   

Warning Severe
Errors	Errors 
0	0
