 IBM Personal Computer MACRO Assembler   Version 2.00  	Page	1-1
	 	 	 	 	 	 	 	04-03-:8    


 	 	 	 	;TITLE--PROGRAM TO CARRY OUT 32 BIT BY 16 BIT D
	 	 	 	IVISION USING DIV INSTRUCTION.
 	 	 	 	 	
 0000	 	 	 	COMSEG SEGMENT
 	 	 	 	 	ASSUME CS:COMSEG, DS:COMSEG, SS:COMSEG,
	 	 	 	 ES:COMSEG
 	 	 	 	 	
 0100	 	 	 	 	ORG 0100H	 	 	;ORG FO
	 	 	 	R COM STRUCTURED PROGRAMS (ALL SEGMENTS IN ONE 
	 	 	 	SEGMENT
 	 	 	 	 	 	 	 	 	
 	 	 	 	 	;AND PROGRAM MAXIMUM SIZE 64KbYTES.)
 	 	 	 	 	
 0100	 	 	 	START:
 0100  EB 0B 90	 	 	 	JMP SKIP_DATA	 	;SKIP OVER DATA
	 	 	 	 DECLARATIONS
 	 	 	 	 	
 	 	 	 	;--------------DEFINE DATA SIZES AND NAMES-----
	 	 	 	---
 	 	 	 	
 0103  67 45 23 01	 	DIVIDEND  DD 1234567H	;WITH THESE NUMBERS (12
	 	 	 	34567H AND 2345H) THE ANSWERS
 0107  2345	 	 	DIVISOR   DW 2345H	 	;SHOULD BE QUOT
	 	 	 	IENT = 842H AND REMAINDER = 059DH
 0109  ????	 	 	QUOTIENT  DW ?	 	 	;EXAMINE THESE 
	 	 	 	MEMORY LOCATIONS.
 010B  ????	 	 	REMAINDER DW ?	 	 	
 	 	 	 	
 	 	 	 	;--------------END OF DATA DEFINITION----------
	 	 	 	---
 	 	 	 	
 010D	 	 	 	SKIP_DATA:
 	 	 	 	
 010D  B8 11F0	 	 	 	MOV  AX,11F0H	 	;Init of SP for
	 	 	 	 Kit
 0110  8B E0	 	 	 	MOV  SP,AX	
 0112  B8 0000	 	 	 	MOV AX,0000H
 0115  8E C0	 	 	 	MOV ES,AX
 0117  8E D0	 	 	 	MOV SS,AX
 	 	 	 	
 0119  0E	 	 	 	PUSH CS	 	 	;Init for DS
 011A  1F	 	 	 	POP DS
 	 	 	 	 	
 011B  90	 	 	 	NOP	 	 	 	
 	 	 	 	 	
 011C  90	 	 	 	NOP	 	 	 	
 011D  90	 	 	 	NOP
 	 	 	 	 	
 	 	 	 	
 011E  A1 0103 R	 	 	MOV AX,WORD PTR DIVIDEND
 0121  8B 16 0105 R	 	 	MOV DX,WORD PTR DIVIDEND + 2
 0125  8B 1E 0107 R	 	 	MOV BX,DIVISOR
 	 	 	 	
 	 	 	 	
 IBM Personal Computer MACRO Assembler   Version 2.00  	Page	1-2
	 	 	 	 	 	 	 	04-03-:8    


 0129  F7 F3	 	 	 	DIV BX	 	 	 	
 	 	 	 	 	 	 	;PERFORM UNSIGNED DIVIS
	 	 	 	ION AX = DX:AX/DIVISOR
 	 	 	 	
 012B  A3 0109 R	 	 	MOV QUOTIENT,AX	 	 	;AND DX
	 	 	 	=REMAINDER (MODULUS OF REMAINDER)
 012E  89 16 010B R	 	 	MOV REMAINDER,DX
 0132  CD A5	 	 	 	INT 0A5H
 	 	 	 	 	
 	 	 	 	
 	 	 	 	
 	 	 	 	
 0134	 	 	 	COMSEG ENDS	 	;SEGMENT END DECLARED
 	 	 	 	END START	 	 	;PROGRAM END

 IBM Personal Computer MACRO Assembler   Version 2.00  	Page	Symbols
	 	 	 	-1
	 	 	 	 	 	 	 	04-03-:8    


Segments and Groups:

	 	N a m e	 	 	Size	Align	Combine	Class

COMSEG . . . . . . . . . . . . .	0134	PARA  	NONE	

Symbols:            

	 	N a m e	 	 	Type	Value	Attr         

DIVIDEND . . . . . . . . . . . .	L DWORD	0103	COMSEG
DIVISOR. . . . . . . . . . . . .	L WORD 	0107	COMSEG
QUOTIENT . . . . . . . . . . . .	L WORD 	0109	COMSEG
REMAINDER. . . . . . . . . . . .	L WORD 	010B	COMSEG
SKIP_DATA. . . . . . . . . . . .	L NEAR 	010D	COMSEG
START. . . . . . . . . . . . . .	L NEAR 	0100	COMSEG

50120 Bytes free   

Warning Severe
Errors	Errors 
0	0
