1000:0100 EB01          JMP	0103                               
1000:0102 90            NOP	                                   
1000:0103 B8FF11        MOV	AX,11FF                            
1000:0106 8BE0          MOV	SP,AX                              
1000:0108 0E            PUSH	CS                                 
1000:0109 1F            POP	DS                                 
1000:010A 90            NOP	                                   
1000:010B 90            NOP	                                   
1000:010C 90            NOP	                                   
1000:010D CDAC          INT	AC                                 
1000:010F B492          MOV	AH,92                              
1000:0111 BA0688        MOV	DX,8806                            
1000:0114 EF            OUT	DX,AX                              
1000:0115 BA0488        MOV	DX,8804                            
1000:0118 B490          MOV	AH,90                              
1000:011A EF            OUT	DX,AX                              
1000:011B BA0288        MOV	DX,8802                            
1000:011E ED            IN	AX,DX                              
1000:011F 80E440        AND	AH,40                              
1000:0122 74FA          JZ	011E                               
1000:0124 ED            IN	AX,DX                              
1000:0125 80E440        AND	AH,40                              
1000:0128 75FA          JNZ	0124                               
1000:012A BA0488        MOV	DX,8804                            
1000:012D ED            IN	AX,DX                              
1000:012E 80E47F        AND	AH,7F                              
1000:0131 EF            OUT	DX,AX                              
1000:0132 BA0088        MOV	DX,8800                            
1000:0135 ED            IN	AX,DX                              
1000:0136 8ACC          MOV	CL,AH                              
1000:0138 BA0288        MOV	DX,8802                            
1000:013B ED            IN	AX,DX                              
1000:013C 80E43F        AND	AH,3F                              
1000:013F 8AEC          MOV	CH,AH                              
1000:0141 80E410        AND	AH,10                              
1000:0144 7524          JNZ	016A                               
1000:0146 CDAB          INT	AB                                 
1000:0148 8AE5          MOV	AH,CH                              
1000:014A 80E420        AND	AH,20                              
1000:014D 7407          JZ	0156                               
1000:014F B02B          MOV	AL,2B                              
1000:0151 CDBA          INT	BA                                 
1000:0153 EB05          JMP	015A                               
1000:0155 90            NOP	                                   
1000:0156 B02D          MOV	AL,2D                              
1000:0158 CDBA          INT	BA                                 
1000:015A B003          MOV	AL,03                              
1000:015C 8BD1          MOV	DX,CX                              
1000:015E CDAE          INT	AE                                 
1000:0160 B40B          MOV	AH,0B                              
1000:0162 CDA1          INT	A1                                 
1000:0164 3C00          CMP	AL,00                              
1000:0166 74AD          JZ	0115                               
1000:0168 CDA3          INT	A3                                 
1000:016A CDAB          INT	AB                                 
1000:016C B04F          MOV	AL,4F                              
1000:016E CDBA          INT	BA                                 
1000:0170 B052          MOV	AL,52                              
1000:0172 CDBA          INT	BA                                 
1000:0174 B020          MOV	AL,20                              
1000:0176 CDBA          INT	BA                                 
1000:0178 CDBA          INT	BA                                 
1000:017A EBE4          JMP	0160                               
