                
 0000           		CPU "8085.TBL"
 0000           		HOF "INT8"
 01F1 =         TEST:   EQU 01F1H
 048A =         CRLF:   EQU 048AH
 036C =         NMOUT:  EQU 036CH
 0013 =         CMDWDP: EQU 0013H
 0497 =         CRONLY: EQU 0497H
 015D =         WR79:   EQU 015DH
 6130                   ORG 6130H
 6130 31F027            LXI SP,27F0H
 6133 CD8A04            CALL CRLF
 6136 AF                XRA A
 6137 320021            STA 2100H
 613A 320121            STA 2101H
 613D 320221            STA 2102H
 6140 320321            STA 2103H
 6143 320421            STA 2104H
 6146 3EC3              MVI A,0C3H
 6148 325120            STA 2051H
 614B 21DE61            LXI H,ISR
 614E 225220            SHLD 2052H
 6151 3E7E              MVI A,7EH
 6153 D31B              OUT 1BH
 6155 3E24              MVI A,24H
 6157 D319              OUT 19H
 6159 3EF4              MVI A,0F4H
 615B D319              OUT 19H
 615D C3AC61            JMP DSPLY
 6160 3A0321    LOOP:   LDA 2103H
 6163 FE00              CPI 00H
 6165 CA6061            JZ LOOP
 6168 3A0221            LDA 2102H
 616B C601              ADI 01H
 616D 27                DAA
 616E FE60              CPI 60H
 6170 CA7D61            JZ NXT1
 6173 320221            STA 2102H
 6176 AF                XRA A
 6177 320321            STA 2103H
 617A C3AC61            JMP DSPLY
 617D AF        NXT1:   XRA A
 617E 320221            STA 2102H
 6181 3A0121            LDA 2101H
 6184 C601              ADI 01H
 6186 27                DAA
 6187 FE60              CPI 60H
 6189 CA9661            JZ NXT2
 618C 320121            STA 2101H
 618F AF                XRA A
 6190 320321            STA 2103H
 6193 C3AC61            JMP DSPLY
 6196 AF        NXT2:   XRA A
 6197 320121            STA 2101H
 619A 3A0021            LDA 2100H
 619D C601              ADI 01H
 619F 27                DAA
 61A0 FE13              CPI 13H
 61A2 CAD661            JZ END
 61A5 320021            STA 2100H
 61A8 AF                XRA A
 61A9 320321            STA 2103H
 61AC 0602      DSPLY:  MVI B,02H
 61AE 3A0021            LDA 2100H
 61B1 5F                MOV E,A
 61B2 CD6C03            CALL NMOUT
 61B5 3E20              MVI A,20H
 61B7 CD5D01            CALL WR79
 61BA 3A0121            LDA 2101H
 61BD 5F                MOV E,A
 61BE CD6C03            CALL NMOUT
 61C1 3E20              MVI A,20H
 61C3 CD5D01            CALL WR79
 61C6 3A0221            LDA 2102H
 61C9 5F                MOV E,A
 61CA CD6C03            CALL NMOUT
 61CD CD9704            CALL CRONLY
 61D0 CDF101            CALL TEST
 61D3 DA6061            JC LOOP
 61D6 3E76      END:    MVI A,76H
 61D8 D31B              OUT 1BH
 61DA C31300            JMP CMDWDP
 61DD 00                NOP
 61DE C5        ISR:    PUSH B
 61DF D5                PUSH D
 61E0 E5                PUSH H
 61E1 F5                PUSH PSW
 61E2 3A0421            LDA 2104H
 61E5 3C                INR A
 61E6 FE28              CPI 28H
 61E8 C2F861            JNZ SKIP1
 61EB 3E00              MVI A,00H
 61ED 320421            STA 2104H
 61F0 3E01              MVI A,01H
 61F2 320321            STA 2103H
 61F5 C3FB61            JMP SKIP3
 61F8 320421    SKIP1:  STA 2104H
 61FB F1        SKIP3:  POP PSW
 61FC E1                POP H
 61FD D1                POP D
 61FE C1                POP B
 61FF C9                RET
                
                
                
                
                
                
                	END
0007  A                    0000  B                    0001  C             
0013  CMDWDP               048A  CRLF                 0497  CRONLY        
0002  D                    61AC  DSPLY                0003  E             
61D6  END                  0004  H                    61DE  ISR           
0005  L                    6160  LOOP                 0006  M             
036C  NMOUT                617D  NXT1                 6196  NXT2          
61F8  SKIP1                61FB  SKIP3                01F1  TEST          
015D  WR79                 
