 IBM Personal Computer MACRO Assembler   Version 2.00  	Page	1-1
-- DATA STRING TO 2'S COMPLIMENT.	 	 	 	08-24-99    


 	 	 	 	        PAGE 70
 	 	 	 	
 	 	 	 	  TITLE -- DATA STRING TO 2'S COMPLIMENT.
 	 	 	 	
 	 	 	 	;THIS PROG. CONVERTS A DATA STRING
 	 	 	 	;FROM SOURCE ADDRESS 0000H:[1000H] TO
 	 	 	 	;ITS 2'S COMPLIMENT & STORES THE RESULT TO
 	 	 	 	;DESTINATION ADDRESS AT 0000H:[1200H]
 	 	 	 	;NO. OF BYTES IN STRING MUST BE LESS THAN
 	 	 	 	;01FF H TO AVOID CLASH BETWEEN SOURCE &
 	 	 	 	;DESTINATION
 	 	 	 	;
 	 	 	 	;0000H:[1000H ...] SOURCE STRING
 	 	 	 	;0000H:[1200H ...] DESTINATION STRING
 	 	 	 	;            2'S COMPLIMENT OF SOURCE.
 	 	 	 	;
 	 	 	 	;REG.USED/DESTROYED :- AX,CX,SI,DI ETC.
 	 	 	 	;MEM. LOCATIONS MODIFIED :- 1200H....
 	 	 	 	;
 	 	 	 	;COMMON SCRATCH PAD AREA ALLOTED :-
 	 	 	 	;SEG.=0000H, ADDR.=1000H ONWARDS.
 	 	 	 	;ie 0000:1000 H ONWARDS.
 	 	 	 	; 
 	 	 	 	; INPUT TO THE PROG. :-
 	 	 	 	; SOURCE STRING
 	 	 	 	;  SEG 0000H
 	 	 	 	;  ADDR        DATA
 	 	 	 	; [1000 H] -- DATA BYTE 1
 	 	 	 	; [1001 H] -- DATA BYTE 2
 	 	 	 	;   |          |
 	 	 	 	;
 	 	 	 	; OUTPUT OF THE PROG. :-
 	 	 	 	; DESTINATION STRING
 	 	 	 	;   SEG 0000H
 	 	 	 	;   ADDR       DATA
 	 	 	 	; [1200 H] -- 2'S COMPLI. OF DATA BYTE 1
 	 	 	 	; [1201 H] -- 2'S COMPLI. OF DATA BYTE 2
 	 	 	 	;   |          |
 	 	 	 	
 0000	 	 	 	        DSTR2  SEGMENT
 	 	 	 	        ASSUME CS:DSTR2, DS:DSTR2
 	 	 	 	        ASSUME ES:DSTR2
 	 	 	 	; 'ASSUME' IS AN ASSEMBLER DIRECTIVE. IT HAS
 	 	 	 	; NOTHING TO DO WITH 8086. IT IS ONLY USED
 	 	 	 	; TO TELL THE ASSEMBLER (MASM), WHERE THE
 	 	 	 	; CODE, DATA, STACK ETC. IS LOCATED.
 	 	 	 	; IT IS ONLY A FORMALITY FOR MASM.
 	 	 	 	
 = 0000	 	 	 	SCPD     EQU 0000H ; SCRATCH PAD SEGMENT.
 = 1000	 	 	 	ADR_SRC  EQU 1000H ; ADDRESS OF INPUT STRING.
 = 1200	 	 	 	ADR_DST  EQU 1200H ; ADDRESS OF DESTINATION.
 = 0064	 	 	 	BYTENO   EQU 0064H ; NO. OF BYTES IN STRING.
 	 	 	 	                   ; ( BLK LENGTH < 01FFH )
 	 	 	 	
 0100	 	 	 	ORG 100H       ;COM FORMAT IS RECOMMENDED.
 	 	 	 	
 0100	 	 	 	STRT:
 0100  EB 01 90	 	 	JMP SKIP_DATA  ;SKIP LOOK UP/DATA BASES IF ANY
 	 	 	 	
 	 	 	 	;ON KIT YOU NEED TO DO INIT FOR SP TO SEPARATE
 	 	 	 	;STACK OF YOUR PROGRAME FROM MONITORS, DS AS
 	 	 	 	;SHOWN BELOW.SS,ES ARE SET TO 0000 AT POWER ON
 	 	 	 	;BY MONITOR. YOU CAN OFCOURSE CHANGE IT BY
 	 	 	 	;ADDING A FEW MORE MOVES. BUT WHILE WORKING ON
 	 	 	 	;PC YOU CAN`T TOUCH SEGMENT REGISTERS SINCE
 	 	 	 	;THEY ARE SET BY DOS LOADER,SO MANAGE THESE
 IBM Personal Computer MACRO Assembler   Version 2.00  	Page	1-2
-- DATA STRING TO 2'S COMPLIMENT.	 	 	 	08-24-99    


 	 	 	 	;INSTRUCTIONS AS SHOWN IN COMMENT FIELD.
 	 	 	 	
 0103	 	 	 	SKIP_DATA:
 0103  B8 10FF	 	 	MOV AX,10FFH    ; INIT OF SP FOR KIT
 0106  8B E0	 	 	MOV  SP,AX      ; <-- MOV AX,AX  ON PC
 0108  0E	 	 	PUSH CS         ; INIT FOR DS
 0109  1F	 	 	POP DS          ;
 010A  90	 	 	NOP             ; TO LOAD KIT INTERRUPTS
 010B  90	 	 	NOP             ; (A0-BF) IN PC
 010C  90	 	 	NOP             ; REPLACE THE 3 NOPS
 	 	 	 	; CALL LDINPC   ; WITH THIS CALL.
 010D  B8 0000	 	 	MOV AX,SCPD     ; TO SPECIFY SCPD LOCn ON KIT.
 0110  90	 	 	NOP             ; <-- MOV AX,CS  ON PC
 0111  8E C0	 	 	MOV ES,AX       ;
 0113  BE 1000	 	 	MOV SI,ADR_SRC  ; ADDR. OF SOURCE DATA STRING.
 0116  BF 1200	 	 	MOV DI,ADR_DST  ; ADDR. OF DESTINATION.
 0119  B9 0064	 	 	MOV CX,BYTENO   ; STRING LENGTH IN CX
 011C	 	 	 	LUP1:           ;
 011C  26: 8A 04	 	MOV AL,ES:[SI]  ; TAKE BYTE FROM SOURCE STRING
 011F  F6 D8	 	 	NEG AL          ; CONVERT TO 2'S COMPLIMENT.
 0121  26: 88 05	 	MOV ES:[DI],AL  ; STORE AT DESTINATION
 0124  47	 	 	INC DI          ;
 0125  46	 	 	INC SI          ; POINTERS TO NEXT BYTE.
 0126  E2 F4	 	 	LOOP LUP1       ;
 0128  CD A3	 	 	INT 0A3H        ; GOTO COMMAND = MODE ON KIT.
 	 	 	 	                ; ON PC RETURN TO DOS.
 	 	 	 	                ; IF YOU ARE RUNNING YOUR
 	 	 	 	                ; SOFTWARE ON PC INSERT HERE
 	 	 	 	                ; INCLUDE KIT_INTS.ASM
 	 	 	 	                ; *******************
 	 	 	 	                                
 012A	 	 	 	DSTR2 ENDS     ; READ FOR MORE INFO TITLE OF
 	 	 	 	      END STRT ; KIT_INTS.ASM

 IBM Personal Computer MACRO Assembler   Version 2.00  	Page	Symbols
	 	 	 	-1
-- DATA STRING TO 2'S COMPLIMENT.	 	 	 	08-24-99    


Segments and Groups:

	 	N a m e	 	 	Size	Align	Combine	Class

DSTR2. . . . . . . . . . . . . .	012A	PARA  	NONE	

Symbols:            

	 	N a m e	 	 	Type	Value	Attr         

ADR_DST. . . . . . . . . . . . .	Number	1200	
ADR_SRC. . . . . . . . . . . . .	Number	1000	
BYTENO . . . . . . . . . . . . .	Number	0064	
LUP1 . . . . . . . . . . . . . .	L NEAR 	011C	DSTR2
SCPD . . . . . . . . . . . . . .	Number	0000	
SKIP_DATA. . . . . . . . . . . .	L NEAR 	0103	DSTR2
STRT . . . . . . . . . . . . . .	L NEAR 	0100	DSTR2

50636 Bytes free   

Warning Severe
Errors	Errors 
0	0
