;        TITLE-- 8253 Event Counter
;REMOVE SHORT LINK 1,2
;OF L15
;AND ALSO REMOVE 6 PIN CONNECTOR WHEN NOT IN USE 	
;to give a pulse hold an obstacle
;or your little finger between
;IR diode and photo transistor.

0000 	X86LIGHT SEGMENT
 
ASSUME CS:X86LIGHT,DS:X86LIGHT,ES:X86LIGHT
 	 	 	 	
0100            ORG 0100H        ;COM FORMAT IS
	 	 	 	 ;RECOMMENDED.
 	 	 	 	
0100  EB 01 90	 STRT: 	JMP 	SKIP_DATA   	;SKIP LOOK UP/ 
	 	 			 	;DATA BASES IF ANY
;ON KIT YOU NEED TO DO INIT FOR SP [TO SEPARATE
;STACK OF YOUR PROGRAME FROM MONITORS],DS AS SHOWN BELOW.SS,ES ARE SET TO 0
;000 AT POWER ON BY MONITOR.
;YOU CAN OFCOURSE CHANGE IT BY ADDING A FEW MORE MOVE`S.
;BUT WHILE WORKING ON PC YOU CAN`T TOUCH SEGMENT REGISTERS SINCE THEY ARE
;SET BY DOS LOADER,SO MANAGE THESE INSTRUCTIONS AS SHOWN IN COMMENT FIELD.  
 	 	 	 	
 0103	  SKIP_DATA:
 0103  B8 10FF	MOV     AX,10FFH ; Initof SP forKit
 0106  8B E0	MOV     SP,AX    ; On PC
 0108  0E	PUSH    CS       ; Init for DS
 0109  1F	POP     DS     	 ; Load kit INTS (A0-BF)
	 	 	 	 
 010A  90	NOP	; In PC using
 010B  90       NOP     ; CALL in place of 3 NOP`S
 010C  90	NOP  
 010D    START:
 010D  B8 0000  MOV     AX,0000H
 0110  B9 0000	MOV     CX,0000H
 0113  BA 0000	MOV 	DX,0000H	
 0116  B0 B0	MOV 	AL,0B0H  ;Init the 8253 in 
 0118  BA 8C07  MOV 	DX,8C07H ;counter 2 mode0
 011B  EE	OUT 	DX,AL	 
 011C  BA 8C05	MOV     DX,8C05H
 011F  B0 1F	MOV     AL,1FH   ;Load LSB count of
 	 	 	 	 ;counter
 0121  EE	OUT     DX,AL
 0122  B0 00	MOV     AL,00H   ;Load MSB count of
 0124  EE	OUT 	DX,AL	 ;counter
 0125  90	NOP
 0126  90	NOP
 0127  90	NOP
 0128  EC ABOVE:IN AL,DX       ;Wait for 1st pulse to give data
 0129  8A C8    MOV CL,AL      ; to 8253 register
 012B  EC       IN AL,DX	 	
 012C  8A E8    MOV CH,AL
 012E  8A C1    MOV AL,CL
 0130  3C 1F    CMP  AL,1FH
 0132  75 F4    JNZ ABOVE
 0134  90 ROUTINE:NOP
 0135  90	  NOP
 0136  90	  NOP
 0137  BA 8C05	  MOV  DX,8C05H	;start detecting pulses
 013A  EC	  IN AL,DX	;read register 
	 	                ;Of 8253 counter
 013B  B1 1F      MOV CL,1FH
 013D  2A C8      SUB CL,AL
 	 	 	 	
 013F  FE C1	  INC CL
 0141  EC	  IN AL,DX
 0142  8A E8	  MOV CH,AL
 0144  CD AC	  INT 0ACH	;clear the display
 0146  CD AB	  INT 0ABH	;bring cursor to LHS
 0148  8A D1	  MOV DL,CL
 014A  B0 02	  MOV AL,02H
 014C  CD AE	  INT 0AEH	;DISPALY THE NUMBER OF 
	 	                ;PULSES
 014E  8A C1	  MOV AL,CL
 0150  3C 1F	  CMP AL,1FH	;check whether last count is reached
 0152  74 02	  JZ LOOP	;if last count jump to 
	 	 	 	;command mode
 0154  EB DE	  JMP ROUTINE	; if not zero jump to count pulses
 0156  CD A3 LOOP: INT 0A3H	;jump to command mode
 0158	 X86LIGHT  ENDS
 END  STRT

