 AS V1.42 Beta [Bld 56] - source file MULUADD.ASM - page 1 - 2/13/2008 19:00:55


       1/       0 :                     	cpu 8085
       2/       0 :                     	
       3/       0 :                     ; Program to demonstrate multiplication of two 8 bit numbers using
       4/       0 :                     ; repeatative addition method.
       5/       0 :                     ; Input numbers are stored at locations 2100h and 2101h
       6/       0 :                     ; Result is stored at locations 2102h (HiByte) and 2103h (LowByte)	
       7/       0 :                     
       8/    6980 :                     	org 6980h		;Six bytes blank after previous program
       9/    6980 :                     	start:
      10/    6980 : 3A 00 21            		lda 2100h
      11/    6983 : 47                  		mov b,a		;First number to B
      12/    6984 : 3A 01 21            		lda 2101h	;Second number to Acc
      13/    6987 : B8                  		cmp b		; Use lower of the numbers as a counter.
      14/    6988 :                     					; This will cause lesser loop executions.
      15/    6988 :                     					; Which means that the program will execute faster.
      16/    6988 : D2 91 69            		jnc use_b
      17/    698B : 16 00               		mvi d,00
      18/    698D : 58                  		mov e,b		;DE will be used as the source for addition
      19/    698E : C3 95 69            		jmp check
      20/    6991 :                     		
      21/    6991 :                     	use_b:
      22/    6991 : 16 00               		mvi d,00
      23/    6993 : 5F                  		mov e,a
      24/    6994 : 78                  		mov a,b		;if b < a then b is used as counter
      25/    6995 :                     		
      26/    6995 :                     	check:		
      27/    6995 : 21 00 00            		lxi h,00h	;HL is used as destination of the addition
      28/    6998 :                     		
      29/    6998 : B7                  		ora a		;Check if its multiply by zero
      30/    6999 : CA A1 69            		jz mul_done
      31/    699C :                     		
      32/    699C :                     	cont_mul:
      33/    699C : 19                  		dad d
      34/    699D : 3D                  		dcr a
      35/    699E : C2 9C 69            		jnz cont_mul
      36/    69A1 :                     		
      37/    69A1 :                     	mul_done:
      38/    69A1 : 22 02 21            		shld 2102h	;Store result (HL pair to locations 2102:2103)
      39/    69A4 : CF                  		rst 1
      40/    69A5 :                     		
      41/    69A5 :                     ;Last address used by this program 1B68h == 7016
 AS V1.42 Beta [Bld 56] - source file MULUADD.ASM - page 2 - 2/13/2008 19:00:55


  symbol table (* = unused):
  ------------------------

*ARCHITECTURE :  i386-unknown-win32 - | *BIGENDIAN :                      0 - |
*BRANCHEXT :                      0 - | *CASESENSITIVE :                  0 - |
 CHECK :                       6995 C | *CONSTPI :        3.141592653589793 - |
 CONT_MUL :                    699C C | *DATE :                   2/13/2008 - |
*FALSE :                          0 - | *FULLPMMU :                       1 - |
*HAS64 :                          1 - | *HASDSP :                         0 - |
*HASFPU :                         0 - | *HASPMMU :                        0 - |
*INEXTMODE :                      0 - | *INLWORDMODE :                    0 - |
*INMAXMODE :                      0 - | *INSRCMODE :                      0 - |
*INSUPMODE :                      0 - | *LISTON :                         1 - |
*MACEXP :                         1 - | *MOMCPU :                      8085 - |
*MOMCPUNAME :                  8085 - |  MUL_DONE :                    69A1 C |
*NESTMAX :                      100 - | *PACKING :                        0 - |
*PADDING :                        1 - | *RELAXED :                        0 - |
*START :                       6980 C | *TIME :                    19:00:55 - |
*TRUE :                           1 - |  USE_B :                       6991 C |
*VERSION :                     142F - |

     33 symbols
     29 unused symbols

 AS V1.42 Beta [Bld 56] - source file MULUADD.ASM - page 3 - 2/13/2008 19:00:55


  codepages:
  ----------

STANDARD (0 changed characters)


0.00 seconds assembly time

     41 lines source file
      2 passes
      0 errors
      0 warnings
